[
   "018d73adeafe4eceb8a6d889d5069a951ee3f24ad10be10395034a12f8bc1c3b",
   "0218adc5c60dfd422ed2ea72012d1c7d7a27485e20bf6ff0db7ac2d02909a4e0",
   "024a1b8460e5be4f86f63d919b919b75e55fba16ba473bae60b90728227f9566",
   "0323092fdebb67712fa2bbdfc7ecc2ec4001ee10370779b723bf1e5e7f745d9d",
   "048cf0016a05fc6ace63a246dc2a06d73d9679cfa37773755df95953e85c28d9",
   "04e31565977a4d7bb53773877ef50e542411b6c10dbc74783fc9b7b5f7eb2d60",
   "0507101bca22340bf5a229bb8254e941588a40a86a310d734cea59c5737401e6",
   "050fea9ed0aa5c072e056ace9682c222dc604908326df293f0ba3a99bb89b3f2",
   "05adf53014e91d10675607a7782eb45288e4d3a3502cc1deac67fd0745c3d888",
   "05b10a9bc16d8f85d5055d80d4c0ab9b2fa8ca2ef753b86f2b0882f17d75bbd1",
   "064b791040a129cf33284f5f78f5d4d739b6429e896f886fab9e989cdbb60cf5",
   "06d3dcb2d42507a00cc0405eda1d0e054f97207ce488a27970d4625b303ad931",
   "070aa4c704e80997f18c8d4c8e98de8cae9421dc0d00dcd293b60dca45e2dcd6",
   "070b6aa4bba969b8392d8d3794aa8a0f8af451d62fceddb2163a832154f7652c",
   "08fb2c516e3ee5eae634f1ebd3a3cf5d62a578d3bd74ba311bd66307f06851f7",
   "09232f0b1e285d4abed95e4824684742488e30a4df13bb6c6fb3ce12e4ee7f38",
   "0a14b02df5ca96d8ad8cbbe4ec57d644be866af3b7b217a4255aafa0cbf744f6",
   "0a48251082923c57e22e418807a006d9f6e013091e7004fd50a5ea06a687311a",
   "0aa4e7762bffbd0685765a6e528f22116ab14e41d17ec0c3b4ecd19ab4172e92",
   "0bd4c4ac58d58e168af1bb2c37287ee42f3b899748ddeda5f1e254d55c250d88",
   "0f07f3e458895ea9ea7b1ddf4bf391707d5d9825663fe62c26be6cf0ece1b6ab",
   "111236a5516cdd094bdb700ca633e8ddfe84e22697bb169e1274d553a7d5fb43",
   "12799e45ec0403d25e473196702719c2e5ae96d924cdc5c88dfd3d3eb9c7457a",
   "149b8daef571ece58e6006759b01cc07f99f8698f3d1610ff6a9a28e819702ed",
   "14a68684fb81d4b083c237b3dbfee54ac814aade26f3ecb7fdbfcdd650eaab23",
   "14bc9dc64845d8229696bf94bf16d44b9a1642212efa09eace99941b4b778ab8",
   "150227acca9e94182d9994b5991ee1dc13734d70656adf3f9ead8346d3dcba1b",
   "17b26fb1abdeb16a1fce5a1aea0eef9ab831dec1ee66daf80082804bc066921d",
   "19606e7aac5598e09622bc3723c5ea8a6401c8a2343749babf5344957feccd5e",
   "1ac87fac23217682a6c9686bf465769ed5025b94ea1dd66513e6bf6b6a00ecf8",
   "1cce80fd9bca2ea3ac2fbe8d349bc5eeee56249dfb84ccdcc688ebfeb78b3e57",
   "1d3a51848679c7bdc2c023b9cac40bef73927471a0c7284601398dd34bd7ce83",
   "1dfd43705b2790e2744ab0a3bd7aacb05ac8de25f05d8d3362d112b8d528fe5e",
   "1e49f8da6666bec54f233ffe5cd68e62852739b6ce6ead17a65e131b6cc88a0c",
   "1eddd2be96f73d0f175ba3137f48678de46980f98ed07f30254e62ac6b9cac0b",
   "1f3cae5b8a7c5d78e9ca6a291bcc4ad7cb1ed962612577b23ae8338c3e161d0f",
   "1f731bed60ffbed9f307ffbd41ca00b7047301699c14e74334faf9359655db94",
   "1faa3910ae24c66eb8a36a6936dc6f3d78f0dcd830eb66e0749d87856dd72d1d",
   "1faf7184c1fec05cd3c098734c8f9037c735c486d7b7924e342d82f27d590803",
   "204fe3ce18b414b9ca85b260dbe2371dc2c6ead7573f58a7741f3b90b5c39a5c",
   "21fc241789455e8a50822e2fc8fe40b1f313822d6c8ca2dc296bd4063962af0b",
   "222126d4febd614b22fc7ad28a58c051afa48a77034b4476998426c770749826",
   "22c341034e72d5786223cef3840188bd698c89c54f62a737e3c9b6c8f221ca20",
   "253a46d638087fc9fa4044942a7f07c99c5d2fc480f9e44f4f16ffb9aa6bd363",
   "25a2df315d0c72d786c081f8a9b118e75385840dc0d27775134114608f9853a9",
   "25a4a2d3a20f30978529d998913e4593b08fe288e0d2275d8fb858918fa6c581",
   "26d42207fa73d1d80a475e6fbd5fd44907b838fe478caa02e63661ec19d52eb7",
   "27757ace2eb6ba6af8ba79f3ce529cb8c6b215d7d2eb3f6a51a1534759f6fba3",
   "27b4e98d07f3f3d84b4ee2e8cff9b343435df789d291d3be99a836bada5742fa",
   "29af471b9cea3bb4ebc2fd312a9827e0e695fca171e5f22aa0d5102d5fe0f804",
   "2a6f42ac3c328a2b9650f70e3509f62b60c355a537ec6b38f91d672b555fdfc6",
   "2a900b5af7acb5a8bb47d6274f6747950b6b14e61a63ce648a2d34ffbae43928",
   "2c048684c85da63f43281756168d7194af62e64e57b98cf48ec2f2c86f0b4730",
   "2c4cb40099b634cd54eae507abb6a05272e52ff00cb059d81a563e7585d9203f",
   "2d10676783225d65c2d17e4213a44175a0ed4a44bf5df1f2419fb1bb3ef6052c",
   "2e2c68312663abb76db6176b1da8be48f913bb6ea4e9edf0453c73dffb921a29",
   "2f13d9bb11eaa3595cd3be809adc11ed1af657bc86c1cee93667f2f3637c7bc2",
   "2fd9b218eb44628643ea641393048db06d244ba8fe2e5334e1d660ba5bb7673b",
   "2fdedddfbc409fedd731a6d1b9debea67bf97f95adfd553cf723280fc32b4401",
   "2fff101e56970e28357c08439218ff33f97f4d300557f4b04740368dd193abeb",
   "34538f4b736d87933d4cb35be21bb342cc3e5491a70d4ec075e44c52427edda9",
   "34f9608f3ce3c4547c5891cd76106e47ad18b7d0ec602f70c4e3cc2df5b7a943",
   "3527d928bb5c0da3563f03e0fc80359b358844bb050a893d4283517b48bd9cb2",
   "358f8d76016281ce34dcf3d499abfea7c07d5c3a5690f187ad6da88f31ea74be",
   "36068a49eaef0e76d555a175f51b9ab11c722dd4d18562ab43e78d9ddf3010c4",
   "383206dd150caec8f0169b79cdeb89d5551ac2f39c5a741fe0cf82f17e19b19c",
   "38337377e0799ff195ec2337f1d794b32312733adea13c29d6526685f9925008",
   "383f1a1735857a4d1be0f7c95aea848eb4c69a753c61f601eb14d2e4d455c3f7",
   "38b7d0de0a86f804bf38212608851d2b25687abb564be645622353f950fcc16e",
   "3995cc028e05b0b5aee26dca7201770662356423f033f5b03b9d2e58d5b8957f",
   "3a55db05493d8099c19199296a358f9fe8c50e59abd550814839ec7753b32e5d",
   "3a6bada52b3688c2b57518e6e043bc055655ed69cc486e3db6aec941c74c44f5",
   "3accc0a48ad3a32db2cd7c052f26b9b9cc0deb7404309de9b485156a3817cc69",
   "3b17289c2451525337bd8046a25d9cfc227acffcae6488b840a8f8d0b237890c",
   "3b7fc22d66759b36e6c952db053b38a10fa9b0a4c715a578c27a894fa7c90ffa",
   "3b9ab612ee0f539f136b8b8e652ce053994374bd6f4b9202cd7334c69afdab88",
   "3b9eda52ecb056b8fda04b0ab283b39b59bbd5f718cda4f45c7128086d4418e2",
   "3bd240def66a5a617f15627b75e804f8a508f75446a6202f54e2c362bb39060a",
   "3d25778d57c8a33e3e8acee74f7fe9c226c2adefc84b15f2144294d943d18d21",
   "3d2f8759da740138fd3e1045b310c76f582f5b0a7339aa8ce32143bc10a3380a",
   "3dd8b56f7de382980fb7e5182e5d4e9c4f7cab24d975a0e3d7f48b0997f9039d",
   "3eaaa7ff4b9bb6df5d8ab927782e7af9ed9d5c1861a1b2ed7fed8ca3863fd02f",
   "3ee9c92c63fc0fa3217371050b9d4e7695f0210dcd949dd9e966eb2603ae0c8b",
   "3f01c3ae8ef3b2f01e8b0bd576d04f44b6cd60619019b1488e1ca53d48e7a075",
   "3fc038593dfb4d2ccd838775916c7555103ba9ffb965e00ee3e0de871e0453d3",
   "3fc56b87b026b30e9946819daabd6dd65e6b7f0968316cb3930ca0d3e1667f0e",
   "40bc60e00be93ad5a278b50209ee2efd111e78426eeaba715d3ce992266229e9",
   "416e66e81f69bf695cf0c5e4fd1c82f07ea561a6584de65d5358159b9ee9a432",
   "437f416a904a29f984d13a3cfdb3ad44baef65d283b9c083388f104e833c693f",
   "4457a82bf693350d477f62f2561cb03e93e801c0dd5b6baeab588d3cb5b10a57",
   "447a29e5657f31ed2916abf0dafadd42d56e122f0ba6d4617951a5079765d649",
   "45db20bfecaa9bcf135951cf2a2e32d5614d43fc125a928f9a895549da39b484",
   "460eb720264453526018e11f0f8dee5dc3b78a83fe03b3eae947da0a1dfb44df",
   "4688865144671e4c3d77d1cd85ba5fa6b9441067387fcc0beaf64b0b06dfb6ac",
   "46eb7e7fe7dff6060615d2b71bc127d8b8dec91a4b765c2083f4d0798e8ae8b3",
   "4734f0cb77be44d3da589ddd8080243b1d6fddf514f5a1b9f4b8fa497c8fb63e",
   "47acd555c26bd3cf4923889ea1e6fcc5a1ddc9642fc74d063d6bc4ce5319268f",
   "47cde6a7bfac39581433e7b276e51d2826b159f6a5a77cb53772f5704971e7e1",
   "484926790334b965d5edc7cb3ce4a0d9a33ef0d7577a82185c0eb8f6c9c55c67",
   "48545da113689b48faa410d8858b4a8afbad184d7ecb98d3aa665f0fc094cd82",
   "4a60759b4f05a9d797f1f11f61054140f38f847c9de5ed533e98c8c47440368d",
   "4c660064f35a32c0b9d16f09e0465a5ed39ce5859509907c7ff52e7e7d243bd7",
   "4e4d215a435b7fdd1bb31110d4ad4441f6237898473a05ade41dc2fd9983d3b6",
   "4f59c7242f1d8be30530818044b3794b27c1fe33b53b08eec91904ea6993a694",
   "4f680d51ad2b00db6fb0b5db08ef03110328adcff959c3f2f06a45a188d16886",
   "500b078ac5fb15c096670312a4dbdad0537f3075da1a53df1914d408609c49fa",
   "50c6a281b381e4aeec65ead7acd46de769fd1d10b059f9a515bb97a98417898e",
   "519c984c7c2e6464d544681b96c798a106e96190c4d1179c339a4930d21f8db0",
   "51d7bbb7ed5424faa793e7330b711bea32362b1f602f0d50c628ede371deca13",
   "52a70d5b7c4b4c44813c83a0334538ec7aa010409f12f1ddcbce412a47c13a16",
   "53cda40a96d410280d050f0cb33e8ca50fa6df0055cd474811e8ecd4091c3f4e",
   "54804bc27e1c6fe6fbecf5db4350db8dee7ae2fe5763ec1c6906f6f711aa5a1a",
   "550661f637c765515c7c8d9a0936b48f1e8f09e54aecfaf9ba408e08870c8c64",
   "559f6669d1084d6be080ba84f68ebc11ffec269d0670f46199b2a98c907dd483",
   "56244bfdc79c3281d5912b7ca0a76b4b5aa70b29ddd3002a2e5cf2b466572f80",
   "56e8be732d3542974600b4656f7aa243250ed7b3c7dbbfaa4449d3e15626e2ab",
   "571667eadea50f64d24e0821ccb4a4a40dbd2f5c9cefe5b509a060ace525fe0d",
   "58a4f6b4b720c697049c53d5e2bbdf41641ce3c8e269983230b779f017a458a9",
   "5973468caa36bce2f2bfa8dd7fa3b1392856b4c4ba5f24564d96fb443f7318ba",
   "5c4b25174e01db89aa00acafa5a2769cc94691ff2767f2c009d7c7e4c5ddf350",
   "5c83b20bd982c880715a9dca18eacb1735d89a0c656e0531d1ab4bad5f63d320",
   "5d58772cfca4958ae886dadf422f30ab7f0ef7702fbeeb2d30b2e82a3a313387",
   "5ea570bfe6d295736bedefd7159479ed9aa2d902b0b8267b70befc6176fefecd",
   "5f157834d8c73ccbf27d04c297fe7aeef5ce6704fa7d21d1fd7fff9e03398769",
   "5fb57d4bf7e96305edc1092de9d97de86b8feb91d3655ced0277c5f127f41cc9",
   "5ff4cc24d731d83a8b0a3c863ea8c8bc35e10963335f68c884a2c3c37d9c9361",
   "62258c7122ceabed625d6e3920a3f23238d1cfaf03a65f4203c4edf95890224b",
   "629baec0f176c4b98a3b6c69a06b9cefc77c5ce6a8130014b3cbc7511b309119",
   "62bf10c76c0feb411121ce9760f6e08c4a5cb4f43b76d63bf089fdd2ad5c84d9",
   "633aa10d823ce27b12aa3b58b1999e409d0705eb25325865c178e73e0ef4ab9d",
   "63b0ce767ead0aa752c43dbaa176c8d42dc0e9c2ca0dad69b0d88b70ea6b2c72",
   "648fb1e9faecae7536fd06ed0e778c84fdd2147ed3555acdf87cbdde25fb9466",
   "64f27ed7ee5149b110c3aec883f2611dda9de69a8acc1274053d67a99e1168ff",
   "6502b5aed118003662fb3d039217c92f45a619a50c2c122682ff624939f9386f",
   "65dcaaef37edf70152fdde4b1d0c5a3a9b974b5f1c71bd2704667e710ab89bc8",
   "65f3672e1614de8c65ad81167dfa79f1534635242906e06353a29fb930c2a9ec",
   "668fc9ccdd02436e249ce670031a6007507939252e585d5e74c2acfeb1c4baf3",
   "66cbcd6cfbeb74e60d540a8fad1c07ddcf5a19b9803db6fd4092b3e9eca783e5",
   "66f8447b8e6a18208f22eef2e86147f337cc51e5fd8167da98967de476302fed",
   "676e7a99ac1081508f9d8751c99f3ac1d781e640056c35977cfcff40e0f6bf7c",
   "683c5065f995a1b77d3e1558034a1592fec5c61a308129af964c3ac9b59e1fdc",
   "689dfddfd70bb679c41cf6763593e5ea29e59a1f7739c9b0debb2ef1ca9c43f1",
   "68ec964264c14dd5f88fc4fde4a5af18da186a74fe8bde1036d1a6649eff7975",
   "6b51f2cf618d126eb3f38e579dce5ef7c3a9f79578dcc07afa192a573f6a8908",
   "6e30acd882cd3b98017f5c25e852380802cd9d8698f12608b984ed8ee5967f8a",
   "6e5d513382333afce1e88669ca4e6143ba8b8d85047725c1b7e663ff4c18c723",
   "6e69a449237b6f1f625e440c8548737a46d5b246893254afbc7c6de87c9edc19",
   "700d2c17d07b550b2baa127fbde8148e55d3c7727fe9bc92515f6f32ccb4d459",
   "70baff0ce147695fadc0946f582c2d2ce78876f507a772f7de1ed05fb248fb7b",
   "7187750301acf2fa5a247b85560732e694a8e130c7748a6ff33c3ad6853aaad3",
   "71c0131b83228576649145fd8220d316eae6fe576ba1347d82affbe43adaab6f",
   "73694cb2a7aad5cfe94172211148b49ca0dbc1a85b9f6b1f49d81907146fe2fd",
   "73a44fa77401f2310b71b4866a9cc80855cf575e7f4bba1f44ec68b62243343c",
   "73f25f1acaca64b25c8b0b56a2f11f0e268617914262c3d47f717fd75fb98ad6",
   "743b4092f7b741e1580a4d0638347f9e86023db8064a605b5d2ec8dd593dba9e",
   "76fee949ba929b44aa56c914f76c1d7d6b37cbe855599fd15d1cd48355df5920",
   "784efcc7bd62515a0c27d11df69bc3f844917dcd8224843fdc44a994ee306051",
   "79fbac56c757fbad5b2a3fb3cbeb72b851df844217ba4c28aa58055bdda3ce3c",
   "7a2fbee9ef9ab6e2beaff6a1900cfdec405b16c51827e8d2615b653ae9d2a9e3",
   "7aa82284c488c30d259aff73fb3311f5a5c7aaa6794c755d6abfae9d3390350c",
   "7b53a6aeef8929c497ae981804e8926a374e9dfb36f046c61bb100b34abe4319",
   "7c6b33d5cd97c9ab7e8705dfa2fffd31b47246b6325bfb1c1f358bb9052a607d",
   "7c991971c9ddc7e19e1c10a046adf182e3a34c926029535c5053d2f4e6119f07",
   "7f197a8713b770aa6863eaad2bc95a19a6567bf4f7de75293ca560be38fa3cc6",
   "7f3690359cb222c646d8dffd76083051fb02808dffa872efdc4b3a0377a49092",
   "7f657c55511e1aba1ec847793fccd6fc3e5f9c21d23e65dea66d509d919528fc",
   "7f6e7c2b31e4a22da5f85a6fd0f157d54feeb02a0d0b7c277487b86931d3d0d3",
   "7f93a9f9a829367007c83881e4a6628c8e6d384891578552c7b7d61a1f3395a4",
   "7f9490c5c13be4dc045f159866fefa55e1101d92cd0fd28f0fbf185855e43146",
   "80095f8181d11170854f8092a5eae57879fe0a8e6a188ba56631cd0b066771e9",
   "80141ae89d26eaf8ad340421ada4fe27897d88a50d357978cf9f5f52377f4b86",
   "80d5fed05b040ed604900ea4f203f347d30c622546a334d69fd9579aafefdf55",
   "813017a947e2a2fd879f97c148d2122c64fb34070dbc627c0c6ae347d5650e54",
   "824e1bf373d3295174dfaee015b4aa20e618b273808d141d6d837f28c1a6c726",
   "8267ac24735a5b8c964a95eba52309a9913b21f8a3abd6c7e0b4f8ef3133ca2a",
   "82ce88ab3bba9ff4cc463ee6ba0d6a0587931e143ad495a47421edccefce140e",
   "84227aac6575e7d5762b6773ae3c734d707f114ad1bce26a47e25fec500a58de",
   "85a2ef103c202c0a239dc519fe8233197e2fc81a8d374663b13778d86461fec6",
   "85a724cd5e36e9dba275167525ca3b8b705c5e38f6d8203625ebb1e21933ff12",
   "86ee828f66841f57c95a00b5312a765173bba97fc0e3528c36f8f6b652f17d9f",
   "876f1d4be5de7515011fa43035e1ff23b12e4215349938f3dafb4d5975045295",
   "898d764fe774555afbb64a2c3d189c58cbe06b331f39a49ac3cdbeee4bdc9bc3",
   "8aa1ce66b2d94eafb5adf2fd8bfc84be75c8438fa4c2c8edfce2250ae1b43915",
   "8acbca55e33ceea8fc2fa585216d8a8204269179e943dab047566a86aae5075b",
   "8b229fc64b6b8f52163ea1d25823595c17bc62b3e1808bef2b5497a03b615b4a",
   "8d78ba549aff6ffedcd71f8db26ae7874dd5fb765c64948bacfb403f2554b1ea",
   "8e967117b7f5d5734cdcd0271d10952f4fcee1658515f67eab6e855521047437",
   "8f5e4791ea6b80d2a76f7eb166b049c9a3038872aca6e85640a87be3e1fe3164",
   "8fc869caa4ad077eaf75b511127c61a7a9375aa87e15b2c1f0448b70f7c3fbf5",
   "9016ece59a1f1289e0f1f863130e149fe5f4c690c5bec36b4bc60e6a5279a980",
   "90d4bc4e41c5912861a4837c963bafa4b8c24f332dbafd9902b18dbb9cf4e8e2",
   "912852191473b6ef13afb3dfd1938bde8ed4f40bea16617de86a7948f984e9b9",
   "9278e58d582ed60f3b90febb37f8c4195ced045f82af424e917df31443306f29",
   "93a51dfee56a2d12d04619544231404ed9e52a72781b2bd2e094f0a41e307aa2",
   "94dff6098130481e581d0526242469607ccd56705cc6f698ba25feecb18f15ae",
   "94fdedfa6de241b0d048c4624a938ecec38ed0617fb275dc74a315733f8e63ed",
   "976f9e8e5bd8b1171ed3787718ff01c7f453b2b0e6e77b313c525411e3ebd9ab",
   "99565835e58c0531258d4fdfc08efce6ad169bb14ea8cafe4379a7bef401e115",
   "9a3b60e11b655fa84cc601b83d750c3a848c53eb775e04b2c8acf3ae9a014c77",
   "9a699442eb5bbd327b68e39a9d417d2cdfef554620e0c72ac1f8001f650be791",
   "9a794d2bb64f544e5f7ec0553343cc67223b54c738e556f79dd31be145a41a33",
   "9a961b2838b1515aae6e765ee9a57e0a5849201309ff2115dfae9302f6134474",
   "9aa1effb66d507fdd44fa3cba3916397d5df994c0e303b6ce61ff821616f1366",
   "9bd63b8394c975a11519acabbe0c5cd388d8effd1b96d69ab50973c1b95ba811",
   "9e140ab3164dcd91b76b36a2974c163955b9656469ba0d1b5b984d767faa7977",
   "9f0668338a5464fc397e169e912e7682d0c11b787b6c5bbe4a073f8171d468d6",
   "9f8e623727b630dc15304cf01ba57495c7b6fa1e94a9977efa8dafa5ae578dfd",
   "a0d88ed21cea9daecfc17d98b5b415de86cfe9e0ad0828233d0e418ddd2f547b",
   "a0e66f6bc932f832ad687d153bf1bc31f65bdcbf9e5774a79f9e0805ad5022ad",
   "a130a66842b320534eb8f2c67df3d2c3073f061b90f75f876e5117f414bc1be8",
   "a6dc845a48fd6be6e741e3c01bc73ffa64030d2bc98aadfb87253e4e53ea3c76",
   "a7d3d59e39a979e6887575e4e8995eef3ca752619ac4d13664cde24919d9f1ed",
   "a902d748f76db3883d014a4a8b53afd0a5e62c86a4f3e88b4d6eea87fa7e4b29",
   "a92ecb270add5e783b412a8b1a49d07815de7d11e859188862deca721113f4c8",
   "a93eaa62628a3b580cb80e5b5a67032c0bdd3b3f22f82d22f7a2c7e2a6073b4b",
   "ab36d1db6a23a95bc98103001e5019cbbda32612b768c95b7c65f214213441b8",
   "ac13a2435b0e56d38ae2e227d5afa50c62b0df9a80fe094fccbeaf03642b7467",
   "ad4dfb453141c503398fcab1c954fe2d9ee601eb813ff409638cdb190fa4456b",
   "adc758c67b02dc3d59502c014c0cf9c4acec4e6c18817aca90a4beca026dbd29",
   "b1ac367ab8acfa92a87de3c40b8f6b81084213082a076973fcb3344039491a3f",
   "b30285e0c9da00a1d961107a4504b25171d016e0d5d9095bf89a278971dfb073",
   "b3d8f52b3cc99a609fe24feab16841194ed49bc76393ffc75247a0145bdf64a8",
   "b48cc6377b10508e7638a11b3a861489b6749753569c5071a25831fa53938eb2",
   "b7d473258e5d298a12cfab7e191ed4de329f4fadccf3c789841cd5353bd6c4bd",
   "bbc0c0302da34e6e6b1449c624e5a2e35855727091360c1fba6e634a644c3c20",
   "bbe9744e2d956bdd6d5d10cf4bbbc8377a41126b83fd1ecdd29957e7d4051c16",
   "bbed6c109397ac4865bba7f2dd6d547c9b91cb762a8e1b31eb71b8a5c51c91be",
   "bc8b44fe01e24c37428c88a8d634ecc09b08a4c2c05aec9ee11868e2dd9377bc",
   "bcf7a74b7589b398e30bd916d26660dd49307b8f7b82455b7832b25a389ad699",
   "c0a2206bdb704dcdac06c4508f5c5ba228184d58fcdff96104587f7dff272275",
   "c0dec3d532bd9cf5639d85cf7b90c8c7e04691bcb85bfcc9acae7ab202253d02",
   "c1343afa3246759ea9bdacca9aa11d6958d4146bfdafd237bb68a57a41eefa10",
   "c17b36d5df865dc4e22f9583883675c090c01f4f6186b1fad89d898259c40f97",
   "c206781ae2abd8e13989813eb94033481881c7d8eacaa616ba6d371f109380bd",
   "c251ad255fc0bbc919acac77108680becb0ccd2799a4c4c5de41a6a02a78ce30",
   "c39907cfdeee88f86903f8eaf55fed0b574a2920fe568fac67a72eaf4bc662f4",
   "c3d8161237c0c836e8d01acaccbeb07427d71d5c078329e3488106b3e8535416",
   "c4913c0c28f3f786a99cd5663fbb2c7cc1237ad451b6c671d0757373aab399ae",
   "c49fa50005b3e389df8a5c9404e49eced29f7735648d7d203516a70a0e61e06c",
   "c4de512d236a016ff90183796927797a40fbdfe4e42cb73de86c81ddf280d19c",
   "c55f1b0d4c7dca0bcf09bd12248f209edd0d47d8d5fc88373051e291fedebb25",
   "c5ca880c8e667af78d193ac5d2f1437c2bcec08d16436f6579f3493e556b4f48",
   "c7467b42c5f1c8796463c4e40c84e69056ce373d1f18ed981c919109ce7345d4",
   "c8745a15aeb0da5df5fa44306d62676968db976ee18f7a9cac42d3fa51503221",
   "c914abc2bf517c04bf6375bcf678c158dd052b4de63e6d31aebe5312185c093a",
   "c91c9250881beb76338d4c24ba326c41ba71787a57b6e8bd26adb7a6a64de3f3",
   "c97e18f372d23929fa3537592b19bd94cdf57fbc700507ba7c22a316bb5d3a53",
   "cb0cc28253d2bcda7cb85c339b682da7e5041670194ff7a7a193186e22451a51",
   "cc6702db1d375240f76fb63ce9431472135fa3f29a35fb613cd365fddc09e7d9",
   "ccd6226231f829809c8c68f21036f9d0a3b89ca9b66f2c118652cce35ed4e6e0",
   "ce139ae60b18d9427b78435cc0600166dfa32aac6c01cedd7383f51399e308f7",
   "cebfbd2a031ece40041f0f904e856c0a3516b163176c73f864ed0d0523e955ab",
   "cef35d3775e99ba72038326b15020b519d128463e1ab5fee8a047c15e53e3c8b",
   "cf5ad6ebe6c865deee54e033dc6db96c653c0d9f716a92dadc33901166d57dfa",
   "d11963a2a21fa5d68164bec7560181790efd5bd8ca007674407621ae062a67d5",
   "d183644610a974af7542fa9dae104b915d1bc2bb6ffa200554d60be9c873c5e9",
   "d198959291015de739f5847a236aaca37f3a3079a32f1cfc8056c0e28ba31d23",
   "d1c987f0cad6e1fc4ebdca04454eee0005c36baf745813e3eaaed59ee91e0dd9",
   "d2d8ee1aa82a95e3ce988bcb59183741d60ec7b29fb0fc23afde27cfc74e55a8",
   "d37e671b28f5effeb89482de04efe6c04d09e68c51e1ea85467059aa69ac56ee",
   "d4125074e2b2a1e8dc551feff9bb2c6877eaad7d8b07e16397292118ff2d7a1f",
   "d499f18d48c18a23ac938e2acef8032b22f9c8f29c360e4cb4f293870b46ae37",
   "d506bdc1f9710a20791744822e2954f7a468e05ac85d47d68d8e58c00dac4d85",
   "d5892671a6da5cb468cae92f9be1e598e4d8906c027c0a77cdc12652fe803bd6",
   "d5c59afd857a70e3601362406528284bb5f4f0013984f56189eda3d55c0cfbf5",
   "d6b564aa4e491ff4aedc5161ca06747e6129b5c9948dc3b2656b97564f6672d0",
   "d6d241335bad2397ea314bc75fa5c21ab2af86bd43cbd32076983a4e3c9ee98d",
   "d76290725fd474e1e33159934d2c2f9c395ba7789b4268fc7d64ece81082b275",
   "d94465ebffb51ebb01cac85785150cba3a3096e065faea3b900863476f419f39",
   "d954171659e4770d426373fc90631eaa9d35619b8dd35948bb5155e400f4ada9",
   "d98878bc658b9f011d3b94e8d87246a396dec9638fe68c55e197f7db5bb177b9",
   "da03bc05e02d6bf0cabc554e2ac7fe1d8938f2a7f0614477d0e29f1fbbdcfa67",
   "dbb0901ac9c6313932e9c8ef5d3b0d29c649b28e34b87ff7b1eb35321ddcf86a",
   "dc7ff81ede1f056b96ff66379319b94675549836920958856dc57d2b3e63bed6",
   "dcde99a1603329eec21f907ded9eee7bb94563840cee9a56991a7737c56aabe4",
   "de7e52a0b5ef4205a7e75a67cdb18e1e9546f70d7a47c0a1957f1d6a8373a4e7",
   "de93ada2a11daf98f33fcfc872d7cbd31a5ab08ffa046117ce4e7e977e767e2b",
   "df63d8145e57a2370d83a82ba948549109300852c2b4030995dceba401613fd5",
   "dfc93994b0c900dc63a2907f2423527c3c786f0d5aead7b106122d389a72b6c7",
   "e2d9f92157252acd66c0e98bfc1ab3f32cfaacd95defb6a97ba3bdc960e7295e",
   "e3520a4b7518ccaf36bd5994e63de76eb375029a0892d06f3e39259c64565fee",
   "e3cddb953ebd31306f36affb87b70e61f6515538a9c8311d28f8ebd2a8ec2616",
   "e3e23fc5ef567c0a37fac293921e9ee7e7ac805b989920631036e31c30e124f8",
   "e41fb8a3340c11c04d57f341328bd08ce6255928b93811728f488f265ae73023",
   "e468aef38b2f6a3b691742cd6fbea764228bbe78a7838537e073cc4ee98d0c5d",
   "e5d95e6fbd0dccd1d79db3c412c25a8a87ffb01e3d51d760416e11363cc9a96c",
   "e7457a275910bf3929a0a72b81969e9dbbeca219308dee7af6c8f5d945473951",
   "e7d89bc42853875a99a2025e22ef3a6e49faf91ea3c7c9ca13989921d583227a",
   "e7fe530f2e14b5e23114347d4c78bbb96bb0db401ec9de8e7a190aa8f871a130",
   "e854be3b86931916f5061f371ed6de1f46fb4364695564c9010bca8b91a820de",
   "e857f2d9d2958e3a21e1861192fa3b2a3925f5b592ed3e66b3a8380441e6bdf3",
   "e8dc1ec2e266ccbaa7373d26da0a5388e1237eb90a5ea6126937cb0956a732a9",
   "e90b319299ab2ef4d283c54b36081f0476172b0b6bb14ce400c6d715d7f63845",
   "e934ca1082286a9a0945ae3ed037ede1f7a13715d329d2c5f51acea7c5c457d2",
   "eb23646f9e77f17d0292b91fc80aeea005d6bd0e8d2ab615927777ad81efb6a5",
   "eb708ad143dd4961279d080bdf7dc0b9dbf9a5a560bb356976bc310230522b17",
   "ec86fa289209d020dbdb96113d4f153936f92467b3558038fcebc32748050939",
   "ee21faf6bef7715c7669addb56fae85da9d8ebb059c6cffd9a8c7c5283a314ab",
   "ef7f585f0852eb955e0db85d121cdd432f626c0831a233ac3c9980ed2be72150",
   "f05e7b969408fc5e4bf31d9e719b8af0d2c1f0f0307710d45627ef2698ff4488",
   "f1fb3818efc6470833f3e1a97b7b89458f5edfe6f000377a2b12c712702a0a85",
   "f21f703c73ea1db53eed7e2e96d6f79acbeeaec5c319554e91c5c1a411ccd9fa",
   "f294786cb5ec4b171a79ef4b2a59cd2b8877dff36d1e5ae8195328c5cbb8f93e",
   "f2af6fd18e9e3cc8354b69583f5f8ef1a577b8ba25ec30ddbd39ed234d4e2fe8",
   "f321ad9d72a03c577351fa221d8869b3ec024604ee311a03dd60f3d8032b7bc6",
   "f32b6e6615863d0aedd697d14ccfe10664d3556194893418c28b68624cd3d5c9",
   "f39cb5ca366bc7fadb868f9daff9478636840cd5969d9cee79690e7937262699",
   "f3b43af9503a0c0f0e721fb48834741b6d7f94b7a53c00de91cd986ef5d472d7",
   "f454b97f51f59639e487bd3149578e79733165cd645b1be822973e5cadca205d",
   "f4bdc93c3fb7881a42234578c373dbfa66527a0af48e6692e8bcb946d24d3f4a",
   "f5c56439ad5bf10bdf4d29e70e2827f021c10899bbcce8168ef73d09c0c06e9f",
   "f5d87f264d62c15261191084191679949febcb330945741f7b7b03f5b58a4bd8",
   "f5ed1edcfd493b8d3288ec876e83a8e38fea6c539bf5e3a1d0bbaadb2957322a",
   "f6e22c0c7d4712a154d31177fcde447c374183cef4b103713951154367e2318e",
   "f7097a41c9c08c316a4da41e9bfcd968234a91e967da81c1c340d1c394608642",
   "f7b077ba577883c003e14683c1580cc696962a2dd7893d4ec2d4d92169d47277",
   "f7ce6cbea4ce969d790bae22b716a3d1d4775889d175767c87850b8aed6d6ce5",
   "f8323d426e270ed435b2ea0c4c91f37a24b5653de242e600530fb74f8e2831c5",
   "f97fce83db82341dfd91c8b822daca224e92f191332ef734cb072931dd5faad4",
   "f9effd3743cd089eb7e30611906118c6b9d6f5dc43267285070d63bbb1ff308c",
   "fae2604f691683289e8538672c33ed65f17f93fda4ee0c970a9684671f01a0d7",
   "fba798ae0f8bf8c340034a46c3e78f7da7fbcdd69071275c741b4e003836823c",
   "fc7e2d1b9d4e3d155635e31fdac192e6fef1b8a866b8d35464f5666b6abcb579",
   "fd11196bd945c0e19971b191acf774cab3e249b37eb786ba361ff93dcd4f2297",
   "fdcd5bb6b91c5f51b4a334dcaffa94436e8bb84474b7170daf3e24e9e4e499ba",
   "fe42842fcd17e095de7e0f5ea04264b5231e7795a4b32b83db1281d0cf17ba52",
   "fef8f97844425280663e48cbdd95c554a05995448b0996473232f289a321c6f1",
   "ff5c001da34a0a7ba74180c08ca619ca115d0e17ec50f1303bbeb904b5e1d249",
   "fff92fea7d7e2ffd60a2daae995e59e989caa8b5f75697d79cb8048273648e12"
 ]