{
   "FromPrevBlk": {
     "Grams": "3181982558451677802",
     "Other": {
       "239": "2333333332",
       "4294967279": "1555555554"
     }
   },
   "ToNextBlk": {
     "Grams": "3181982556547720455",
     "Other": {
       "239": "2333333332",
       "4294967279": "1555555554"
     }
   },
   "Imported": {
     "Grams": "0",
     "Other": {}
   },
   "Exported": {
     "Grams": "183193479",
     "Other": {}
   },
   "FeesCollected": {
     "Grams": "2720763868",
     "Other": {}
   },
   "Burned": null,
   "FeesImported": {
     "Grams": "0",
     "Other": {}
   },
   "Recovered": {
     "Grams": "0",
     "Other": {}
   },
   "Created": {
     "Grams": "1000000000",
     "Other": {}
   },
   "Minted": {
     "Grams": "0",
     "Other": {}
   }
 }