[
   "00420ee9670ecf523d1f5817f1c9fde83703e01483b7fd5b27ce2fc441bf153c",
   "0066e7b385a5f58ae6386a7641e7c6422cd27e1080a52d3f4105137aa738d40e",
   "0090b115dd2bcfe1415e4d2d37d464fb8aeaa07216ef88a6b82648072e83bf7a",
   "00ac58b02fa85a673243845269c5fe65cd4c2db022337b8327f61156d2b19e70",
   "00f8742294d7b0e27cc473f5c4baf2d7976e6dfd754b3aa1b44390f50b7b4367",
   "0226026f55c43441aeffda4246a677ade855320be9a9a3ccf36af83db80a6b46",
   "0252625d22e20b4e026f24d6305460bda659642cba616e4bd536fc8622df8807",
   "0298bb9ff577f20da2cfc52a074f71ce6d7a0999136eed7991e11c80a86e1144",
   "035ef1565479932e44a9b1015c45a5714fb0f93893c08cb8e2faede12b2009b6",
   "04a7acd0881d949e1dd11fbd06197568fd488b814ef08f096a2234f1beb8c528",
   "04bc88e0da5f16e7d414974f504255c15ae081359dbaade9f69996eacb794e0f",
   "054588e101194d2e8aa4f8a2ba75709a388d0671d6ecb9b1e7ad8070454ae69f",
   "0581872970481208aaea0272e0afee7d83e377126dfe566bed55e00effc74bfd",
   "0602d580cc8407e27ec34aa6543e86d85e002f03f1678dcd8fb0e705f1e95ff9",
   "06450579c86166a81eaaab55d35f624f06bf68e33281d95f0dc3ffa6a6df4bc4",
   "067a1f01904c9484fd264b14c33ccc91ad4ba9c30bc0ad77502b1b37a3987d4f",
   "06856924b2e7b3f53b5bbfb519d4a8b991f3a38b78459d98796dd7774732d6f4",
   "0711319d4168583b78e1699c1ea1b17a5bc5fa89e8f951ac30e024e4dfe50f2e",
   "07d833789ea218ff4198a5fcc234290ebff4237efaba450c228e92f418ff7151",
   "080cc2fef1cdbdc335cdae1b1cc82cd2c2b15f2eabb57d39e6b29674e707933b",
   "0822c93a6f6ed3e3900f9b963330825f490487d3e23f6c1a80d15b91623ea838",
   "08a8afb035ead79f6bafe47aa89c2d92165212b583bc7e68d7700dba1d7033f0",
   "0ab1c471d2f1c68cf44185c136b91e5ff6d3d888344936ec3b335dbcdd095b5d",
   "0acdeaef0a4b8b9a1252d534f15f562e17fbd6ab91e0c34374545a95705b7c80",
   "0bce44b5eb1bbc9127c543eb408d8030048264f91733188b9b55c0d3ecadaa02",
   "0c23107b51f0b5e452455838c75e138a3fea922593544c046c83b65423bc11bc",
   "0c502339e2d75d3dfcec9694a0cd1a1243f648d8dce4fcb641364b014dbd4294",
   "0d0bce48921f59b707fcd9ca753ab6fe7a6e532c36638f060167cd0c18a7ce13",
   "0daec6a6d4f427db7897fb3726865dab8423c45aaedd4224b0596dfafa9489f5",
   "0df3ee3972a9d6e8aa11b306ade5b156929521fb527c0030b1682873b85fac26",
   "0e022bf3091f713ea16e51e8903b455a2a977db5ffaeb911326eca45ca3cd573",
   "0e19feb4a3ef4a1ec8bfbacf5e68043320cd529e8102386c0ac19a734863b545",
   "0e4010264443fd3991ffadd5232606da50cec686f07d834136be63021231bb08",
   "109834e174c745a398d4554df46381cc72b5596ae7e312e93f1dfe6276dc3088",
   "10a9faae808ea0414c33dba4ebbcf5c47a332237a3d7a90dea184899326c1c86",
   "10e7573b1ad13b08fe2045218ea4d123ab1ac5180cf580000524d14e16188b8a",
   "10fd232c29b92856775ed317e13a4d6aaf1920a0c208143fd56d1400803cb6a2",
   "11395a4d4226a3278081b5ca7979b7a147d90a2e546b22a3613cdcbb3d293f05",
   "11c88f2e9837ebf53b22c8cb33fdacc6688d84972da960be2cd4fc728d06800b",
   "120f54bc03e0fe1249b3730e2485d08dae8f398fbdd803b1e2a47d530cecdb6d",
   "123af39f1d8bc29692a595bdab1a6f5453e187529cd43df84d211537c8968260",
   "1253732b9a215f1e815131fa75e6eade24dec4d7dff6be0a0dff1d8bfdafba22",
   "12813bddcf5006151e8d2919fb424c0b9bb385f850b78a0c457c03bc6585befe",
   "129dc07af13b2f34c500f114e3c7704eb4034ab15e94a2a99bd1ae5bf05b6585",
   "12d328d8d8514aba3ec7dee7271f6fb14a4e4fd5582b51f8e1a69df75bb5ea8b",
   "13695b8c93c6c9c24121417ec50d9df865efa1577b8ac580345c0a619ff77ef9",
   "13d3600f00e3ce50a319e98ff889534a7e2efdcb99cacd76e1ccef16fbda42ca",
   "13f9da058c4ffd4963a8e20bfea096661a30dc891a4de0e68192764f57224ab6",
   "1494afe51eff71285b8035be41cf9c4506e9882109af1f0a0b5edd8681c8ef16",
   "14a1e95fd8a5ef23aa0ae4611a9b192e8be085b09d3351ecacf531518efced64",
   "150348ac317c5c87b4324cde216e0f890d3ea2e1991e0f8c7b64b255491d2ee7",
   "16e544e477480752db8a1b67e8ff3408bf824fa458b5b5ea34255ec9b930b467",
   "171a89f4e7428f02e060a7d7bb080a0008ac66b8083e5fa293f84952861047e3",
   "181fcf9bddb2916f052777f49313170e96f950fc70572dd39fa52f919c83ed00",
   "183c11ced94db9a2dd640ee8650d5b0c78c36498709f4970be9158707bb93057",
   "18649879562feb2de32648aa9bdaa6a912908732a0fd64da5b330d8b73337bd1",
   "1981bc234936334ac01b05b19252e4936849d8d8be6365d31885d5f187af71ff",
   "19bf128a7d7e59aafc2fbc02d8a05efc38cb3758a72893d55161aaf436ba1d7c",
   "19d11d208e5bfca9ee3657ff4b0cd828e4f5a0524e50e9c04fb43d2933820c06",
   "19ebbaf264488603f2b475f8d33653cd48ece337cd2bdbda6a4ac82ea91302e0",
   "1a5b0041f84ebeccd3f7b784aea2d47325fc9443f8e2c16e3e6c3f5b4316c7d2",
   "1a6bb5ac526e32f86647fd541b435c2683847d311d71974fd3bcf8adbb09f4c6",
   "1a9d3b151382c137665f72c2cf5e13e733a2f5b1824ed80dbcdd8a7b8d3a47a5",
   "1ae0bc3627cdf40a2c22c2195503f523592c75215570e3ea0e8e83b2aa4b870f",
   "1b83ae544578431b9f2241b134bee5cb5ab1f7fd2944c2df44f4a6d9bb7205a3",
   "1bda935c4daa554037d4ee7c698dbbfb7177fa3735d2c5667a617345b308f1d3",
   "1c2e086a8efc0be7eaa7c4940d8ada865087126175f876e7b2343a25ba275ccf",
   "1c57176103654b3f855f5ffc94cf1b2eed232f8b1bb3cf3b7acffe5cc7d31392",
   "1d1b79524b122ba92a7ec6337785855b5d233c7428e3d6235536461840969b35",
   "1d20ff6658b08339854322f915e8369f3373fc76402650131a600a23c8a956fd",
   "1d63aff9cc540adb9b5f319293efc4e458a34ded7900c5182d667d0daa3a8f71",
   "1e10d65db754586b8160695739c27a822c0bbcd7acbe82afd533696fbd73ce08",
   "1eda41886683224a31ce9ed2769796f3178a5628b1c62c35b29ad22eae4b1273",
   "1fc1e38e3ac6f3edc0e34fcce1e5667274b716a4a282b14614aa6c6cca91c7e6",
   "2045262ac6f0320c8dd5635ffe429c336154eb47848ba4389079e974c6f8d21e",
   "21d7dd086a59e2731163873ab05c157deec6fb2d797aeba99bffe8cebd9e1197",
   "21e1b6ad0c47102352d2c3103cff147c43055aa5ec33847b507463d11b5df6c3",
   "2226609ad1aee70670b5bcd9c507f45d1cd242927f3a6276a1056d290100df50",
   "225ac9a04a933cd3e7ec7685796f9a0e574718a250096c910c1381fc4db831aa",
   "22f263c7e505a386d0822ab59b161bd612a9dd4640f04d5cfe648e04298fe0b1",
   "231f6dda247e22465e423113766282f51a9d44807f66146aecbf96b03c894aca",
   "2436b30736ebcc05308c73b5d3c62fe4ec3d7d3973f08a4d1f402b34a541f2c2",
   "2477a8e28d25f2e7179d2309b23551d47698ab469b67c4d053214dcd9ba84efd",
   "24811cd985eed262a62c4e3ffb6ef9e2da44eaf7ee58396ff52eff143bda4f97",
   "2544f113524a1032b6cedf608e838e18aa467c92c5267a052dc6b6b1935cc8b1",
   "25588387a1b17d48425fdbdcea491226d5dac86ff0aff2c8195cfb521c3722f1",
   "26559cbd88a391886d20131ee4c541bf2544ef260ddfd0b350e3468e0be9b9e3",
   "27223f0cb935a9e41fdb43b9494b4e0a00c23cb74373fcb904dc513a24604192",
   "28b758dc05181a8b4aaa292e8ad5f278afc34bccaeeacfb90baa0d4e617e3127",
   "290f3afba86d0f31f6f61f8cb21581df614f4e4173b4314f8caac4dadb542a22",
   "2b89dcf347aa48d6c31cea450fbbd79ad0c6fe61693ebde2726f404d822ab8fe",
   "2ccba7a701469683352a0de7405f4d3b2949af3103f54f42dcf43faa1c7c393b",
   "2d33e2a63fd512e0449a1f76a007fb4adac8bcb70252bfda8f773d1eb43791a9",
   "2d7ff0df954a9bad7935a0d3d469595cdb3c0c72a9b606548d4297405cf29456",
   "2d88ca81e8e468d3959c05e1a0430abe5767cdd9254ded5db5e84dec0873f346",
   "2db7271e29c635d83b12a24b2927a60fd8ae7f79295e6d043c95eb007a847eb8",
   "2e3b1c8a29d091fba714f91f09526209968785a9834cc528a4baffb9e571142b",
   "2e492d75b13593a21deccb0ddd69f46bb0f4afd55bf54ef33efa7349b2a9249b",
   "2e963ffc458c5c4edde394d32a20ee8586e4b70971167da8683ce0e1716e80d8",
   "2ec6bf5f22382bbfce1cd95f825b42ac8263b1d1400d542f08497f73c77dfdcb",
   "2f9d57fae4eb3f13d4bb9f670e7a72c908429c9bca1f7ec6e6d524c8ab3669fd",
   "2fbeeaab03eca6a0fc7039fd1b270345c035c36ba793a695f635d66f58b217d1",
   "30c3cce0152e8a711e54e7b1652654af5fa601435994671e38de7f71637daf2b",
   "317f67642365a71859f28b20b040ceb93546a0638ad48ae6e9e16f9a63124275",
   "31b5c8c774d77225a57078ed891124932266172e5e04acfa639f7f0466263b4b",
   "3251704bbc90f9b6d5cabdf94fc27b1eca2d9d55ffc6f028ba1b5e38949bda6d",
   "3281ec3b6f43b854fac68370bf921d4cee7bb694a4c983ca7955ee9f9c36ef3c",
   "33335fd4c992f508d35228ba5f897f66167e32895f9c598a27ba3b97eba6e577",
   "33ce483307010d99bd23488c219bdbc7a465846fbaa31b705bc479eff24e03f5",
   "33d3af6b722aa2274f17802405635c1018bdf8f2f32998849a6414273c7e9c06",
   "33e6bbe26528f107dc6768468e34b9c418aacb4c4a4c35a69f3a38917b112883",
   "34eba06a72e455acb1c456f9dd8cd9584d0137fdc0877bf782966d861eee2a8a",
   "3507de741f7846f5bfcd86cdee136bf325af6b200af9259b8c8dc32bd2d4f544",
   "3543163ae2194b9c1542367ed9b37154a4f4ce8ebdbb3975eec4ee7ff5443188",
   "357dd5c535fee13669a9538aeac853a88e0d339fc31619113225409e7b5d5386",
   "359bc9eb40d080324b3e4601b3036cf7660139f025e4b8723a9c6975bc1c8d9f",
   "35a88c2c829ad267c24e285d6ce0d8a6bdfcad39901976aabc1ae83b6ad5cdc3",
   "361510625c1aed3b577130070b077e47f53cad23e7ac49a14065dd477511c6d3",
   "3633b760189f7a866a0e4a1a05abe7c0c06f40b3fe3dbf7e4d79d0d73f4f3e1f",
   "3679b372d6a340743c11d98d3bb138ccc89d7576e63329087d4fae88a265103f",
   "36e93b28f96d595a7f2877b8bc6187895f988b69b4e695aa230e1499f676e91b",
   "371965ea6170ca88858760140f0cb239fc81114ac57be11fda3dd26c1b93c955",
   "391bec9f2ef411c4b715698d9521cb18dd94d6cc0e2795fccd6c351e51abf8c8",
   "39c7e65cb6a0bd0a3e6248c753b37c065f19333759f9b98a4a1a336d93c3c266",
   "39f13824d8bdab184d72a6fac9d2237a4257a641df19c339cef0265f2507fe34",
   "3a8037c2c92922740dbb5ef897a825ad73c6d7f7a536d7a88c7ae5df098c1656",
   "3c04e04b185c535550c6222001eaeac11da4e5f8fd723abbf996afd4f9b786e2",
   "3c1c9aa24b24699041d0a5c7347a48b1693be5be6875135b0ad3e94442514852",
   "3d207937ded78374db14d0e9e2cb42e50b5f8ce5fe14a543367b06affdcf807a",
   "3d81a63808a9bdbf011cab75b30d39446754ca543ba5986b78bb5b7f883483d3",
   "3e7875433a9884129fa6891e758e436b7850b48276ca250d0aa4a8ef27f1219d",
   "3eb1b3d6355a11fe4f23097eda5b9bffb0dc70d6899910c667a45d93ecb91865",
   "3ef18ec0ce9439d0c7fdd98d91fdfc6502dde739cbf2ab15da20ac76ba3ae661",
   "3f16be1775814bd49070bbf8cf69941b24f88d905a9b8f824d4e25679d52d9bf",
   "3fa678addf8901b7ef2c812ae88316174db9827efa50df41f7a681639fdd4e8b",
   "400f08cdb49456ae8b35613ea75676571471274e82d03b97ccf69b5f8cab658d",
   "403da2e37429f436c7ccc0126a807bbc49097aaca1d6513515fd98780ca9dd4d",
   "412a0b19db347e9be6983a21f80dfcdba59724fc1821296413a21d1aca54af02",
   "420961a9557e31f998f434ac78f28f756a978a56e28a3936c9f1d07bc6807a3e",
   "4276010983a6f8bd1560ae44a8b73883ac6c205b3049ac8d159543b5ba2d0545",
   "429f65c02e747e1c389c6b6dfbf786471ec6844f25add5e3eb36b0247030739c",
   "42a094022d828fe931a35eb712427750598ab79e018c88ea8c33f66d8bd8b28d",
   "42f85de0cf42ae4d5ffded6364dabcfd39bee7ea8c8edd7564d5c15bb7515bd4",
   "431261fdf28dff6fc0f2e7b438d4046567c0fc599d57c1f793bc055eb42b7572",
   "43ba4b03f1beda0fd44a6761bfe446dd4a03a421ec3796eb589a4d44fde170d8",
   "447e8d4edfb1bc0171b9289f45dbdd95ee1e6f52bb5ea2c77463a99795429f78",
   "449e8b6fd8e0cd8c7bfa89f8166f44fc4bd0fc432d2d7857af1a65684947eb79",
   "44f55006f6ff3446de10e0b43ce169fda79b0ad178f771486fb5091327c25432",
   "44fbb54dd72ecb9bca819803ca4fa42b50fac8d4ad93d647b076e2621f995bb5",
   "462699c10a6cc1246d674cfc9216e16905ade7ef8359ca50a70575f73f85b523",
   "471dc1706f82ef7ad562dee20c6d4722529e2a2992cc2af409d3a8bd8aa30111",
   "473ab44d18cd3ca767fcd124bd1fbbe593447eab1401b237569e58004783ef0a",
   "47c04c9b3768dc3ecc19deeb71ca7826bde365191cc9c19d446f355e365516e5",
   "47e532e1e5f11c21f02c5fef756e5e90f774946e27eb9d8732a3b514dd855fe0",
   "47ec2bd1fd6b36436d9596b5e38d0732a18d7b66bf60f561ba685a1bcb6c5709",
   "486523f8d53d92428ad2378a292805c68b41142ced5f1c0b27a066fe405a73fc",
   "492f83470b876ebff6cc140cac66d09e450ef6ec8276206d97f24b4261928acf",
   "498493f430b9f97fc90bd7b62b435f02b9957536d75912833834f0ebe44f064f",
   "49a055fda65ba87687317d7ef5f3840f82b0d3fe01402e807ca676f2bf8982dd",
   "4a239f82015ac307b3d023530e1eb336bacd78fda361f33c4f2fb95019e21965",
   "4b9c9f006b86dcb4b0360074b8be6121c021a66dd5206516f0b131d034513427",
   "4c5758a4355c837c61609dee2890ee94501c1068f4c500036ad89fb943164a8c",
   "4c76d7c3cba034e602bdc5ddd34ba7ccec8c7bf24eb83c74bc7c3f0e0f1eeb60",
   "4c83dea0036bf975efb99d8ae9735da6541229663a67058bc0014b21f36e978e",
   "4e078e2f666f7c02246f47b0826423b5d500e33da276d9c2a835b14b04caa6e3",
   "4f1dcc65ef37caeec845ce310c50cde8a276689dc73c3940a7576aa230a45e96",
   "4f373ad98737ac4a9bd572b1540797e8f591afae354b297e1c1541c4eb94925e",
   "50ce8b47dcdb12bdd810550d5d395bef2bdc0de506a5ba96ba3ca6a76edee140",
   "50ddd298233e58c6f058df33c2198dadf17a83e1b5ab6dccd0a07718b671598b",
   "5115aebf039dc21aa20e059dfbcd1a1bbb56dca901823f8330d9d9efe02a8411",
   "51755ece2209cb36fa48704da4ff22905111296a0aceed4696747710ae4fc27f",
   "51e8e6644f8a3d617ac1b623467988480f03ea18460455fe8eceabc356e21ef9",
   "529421d95774ccd98e99b8316d0b6c1931fb1d791ebc5e23c77746725835e650",
   "5348b4995b0c056289de1ce384fba012d70edfce17af9db9065b510682d15649",
   "536ee7586c432706aefc5e9009a74ad8609de2ca45ac7849a69a85340bc74a2e",
   "53e5ccd388856ad770b315ccf5d82fc8dfd52522c6a5d97c26433b2439b68380",
   "5417b17005248617790f2c56d4396d82ea484461cb5a8a58d63cbab951e5ac92",
   "5643cfa87ff61d3c74e60768ee0ad728407b7e08038e3d0ae2859ab5f8932616",
   "56949f02332f7005533e68a44fff65dda24cd05df7aac8ec9549302c5e9e30e2",
   "5774b00a7627b5866d40ac3716858b7de2980a69d4a0be2d1c2e136dcd9317aa",
   "57b5606556cd7652f73b6a4475cfecced9a5c05db68c2d1b8b0921577aa472f6",
   "58434360229575bca314ab18a2047d846afbbf897dc373e53001ab1b2749a9fc",
   "588752bacef6e119ed8afaa2627f68edb05993bfc5fb0bbdb853be4c96b63a1d",
   "58fb81aa5f5d399e344b5c180128e28af22ec7a4b78479078b79fdcc9ed6c852",
   "5955b611f408b27ec4068640e851215f64e05c12a495f311c6a9a8a60b8e0a30",
   "5aec93f2230ac36996cf94f8aed6a5dc2c61b5f87d0672e62b3964cb41b6bd94",
   "5b5b1694bdd156bf60dafa911fda49b876adc0f26b032ee152782e38b226c3cf",
   "5c47ac4d4b97294de65fc3e660c0af1e40618e81d19c6d490135243020f11834",
   "5c84bf708946ca0ba53b973848d946d45d5d5e584201cf55a85afdd75010d9a7",
   "5c9f2717e90d43432e2ce691d5cb6b38a845c1879a6dca4b6457af8abf85b4e4",
   "5d0bea4030a172ef888a627c1cbb97ca167ac8bc30d7bbe7ca6307dfea37ec1d",
   "5e0adcd7bc39d3235be70d373970937a04872f78392d095a0eca19644be7786d",
   "5e291035bd73d64b06f05ae66ee45a38eafbf0e78af013481d11cdd9a8b06801",
   "5e6822d55a8d1bc78a08ce95c50e14ff0d1e3df494f6dd9dc133ffa762dcb486",
   "5e8fe678ccb0b509dfeeb3e72400be4d2814aeaa68351793b24067ba94a61e8f",
   "5f07acb5c6ef2bebc55e48bb2192f8f981aea7ac1a4eb67b0ca0fbd3ed07642a",
   "5f70c1e12c0304f343f0f61f8ade4a3e33d9ec4983ed3e8f2a44bc3306fb1596",
   "5ffbfef36b9c1f9054d8d06707afc372de1645139636e599125d37f4da962330",
   "6046eb363234669febb390d5ca9426094d0b722279d2298f0b3df43650e8b045",
   "61c0266d631b6985664eb486a97456cfad04db311abd4e85ead1586344776c54",
   "61d59b3e38ab54459653f9b2264062e692ce48af6f73e6e347877d9f695eb44c",
   "6214c0b64bb6f6c5d02caebc4742f2b3294c1a90ff4674f416a896a83f3e74e0",
   "621ac37e1d0cb80d9080f33bc0348f82c3980db5b93cbcc16a5368b8364a6a7d",
   "630ed95b9e41a3114e848928a283f642ac2fbb9c5d61ed2412757013a9b9ed88",
   "63c5e07b613c593137be1f19c6214e8c881fe8625b9a51dc39c0b36cd3519f07",
   "63da095183d0526dd53c74205c0323215bdf79bd98f2344cb45481e35e47dcc9",
   "641a846193407500df9c205129e4723688ab18b2d0ccc936367fe8322cde1655",
   "651be3f5cfa3b1943cee4a9466ed5d390ddfb7f70d789c28ab973e9b2ec4983c",
   "6568fee7add0c66a4eeba6343aaa6f3e35d5e09b05faf8f9e4bc81e910062e4d",
   "65ac1d60b8dfe5da579221997247000e2961a17704ac78a1bc50208c861853b8",
   "65ee20925d9431ad13609c47878fec598de4aa3e94aca04848102cd729a1db19",
   "6625ae36088cf46dc4d3b3f3e20a360d5ff69bcb2f6f05bd6fc9d80b45f9872f",
   "68916c2eebcd5e04866259058e28c374f21eecdfda12a18681b764d79022dc48",
   "690d7bc68f91a8937c2cd111977211dd1f0f15044f0793e230333ed51e701f30",
   "692329e987b62a5fa33683642ff32c1d189652a8b2f9a7e01bd715d2cb813745",
   "695fc2190867e0c8ea5ce3416d1c0fe508d2c70402134af1e3c351c33ea3df69",
   "69b9e581b0214eeb5fb03db01fad94f56d266506286190c8fd5b8cd648040973",
   "69e609cdbdacd7f8c4e5c78888ced03133ecf50edf71587b0cbf2aa27d98b064",
   "69f3926e672cf4763db3598972614000cdc4b3567eeab7b1c4ade3bc817d2549",
   "6a068bd20083f971203dbb22188afcf2bf1cdda9f3b81ea4c56f3ace3f6f1b70",
   "6a9ec35f36a3a335f2165ebf3a6f5054111dca01bd642ca43481c166aeaee5ba",
   "6aaff11ba6243be0f936e77036b96216f4a19d24c8049e15c230ff86569da364",
   "6ac03a0accb26cdfc2120a8a8d5c41ae9b8b8d47f6bb8bcec345e2d6a23ceadb",
   "6ae584de76c159f6a1d2df775b5b45486c295a622807051a31895baf5fde83c6",
   "6af6986741cd45a1eb591ddad8a71388a8f87df5e7ac8a67ff5582eef08fe563",
   "6b5d69cfaade59be2791a504f4f0bad57f6513383e9aa002811f88dd016bf637",
   "6d2ca6ff0c92a059945d5cb1c9fea3db69d1dd8641cb50da87513f9f00c247c9",
   "6df04ca10e08477646b8ebf8c5165ba76a945b9a8370b1ba058b42cd865d8ba6",
   "6df6d2eda35885e514e881fb218adc2fc24a196879a8d63e6c577c0ca6355f13",
   "6e0f2faeaa693c1c70d70c398970e52ee0ab95b6b9a976ce37e320f4a6214337",
   "6e67ddb098d0b9f27ae07f06b2140f66206985e564cf5e60a3c2e569792f1e67",
   "6ebe8afdee656f1df64b70bdc194fd59600d7499de3c8ae176fdd00151243312",
   "6ef3f8d7cdb6e04f8fc49c3251cdcb7daf58f829fbf78ad12f2ddbef5cfcdebe",
   "6f41d6b4c8956366d141623cff2c74cc286c981ca5d2e667ea6b699b97668a2d",
   "70899b032e3f29f628e18c297785b1bb84b8b421a3b5caaac808bb3b76fecced",
   "70fa1f649ec71b7348565f4362f137ddb4288058752c97fa4c94fd4702b44c6d",
   "7193129480c9518b6704338fb4a0a438fa66dcec68f0ca5e3e0709771f320002",
   "719b95bc0121fbf719f29054bd76e44c44d36bb38da82e21018dc8720ff59ac8",
   "741ed58d03c5512e559fb141758406e0890280455f7c0f2adc4437b1c1ef2dca",
   "7448a6d2c9c4e6c2c4afb1169d1936884ca10d4632349fd71e60ad4ec327c37e",
   "746f1ee5219d4535b1abb945ca2953fd1c191c6041a932b496d4dda31a0cfc69",
   "74c2e25e4f6d3952a5e5e1510fd96b93949f5bc8ddc42b23bd28499dedb9a397",
   "756e48d54ffd0439f94908e7c4f39b7a0d97271f58a9a313fe4e16d0cd81374f",
   "757a56e32c22d968122447c7f870a6c6c7427f26aae1e83603ff67cc3d6ded8a",
   "75e92cbdc7a9c53651675e2cdc6198d29b303bdd13bdd72cc806daa41f7cae66",
   "7697fe40e8f46bed15645a717b51721514138165d871a44823501bf1d442142f",
   "7728943407897af178e7f0cfb16ae40100e8dbd5ca3d96fecb8808ccef115f4f",
   "77be8beac83997699edeb2c7944a22d373d19f6c01b02311f696c554cb488fef",
   "78157a9867e373ede2c09ddb952be6baac59d76ff63427c8d10e9d9d564e8642",
   "78422c1a2edecd77294141c1409b9b56bf402fdd29dd9ca59ce9793d89e47494",
   "79afa413ff0dd7ae40fe30dbfdee83368cb85d27f0ca495c79dd2c7f28d39f89",
   "7be613083786e22586eea4147207dec9053ab646eab20497d36274457b36c3a0",
   "7c3acc388d83ea16c30922d48be435ebfef33dc6ef887e81fe1a8082d00b9634",
   "7cf65f1561ed625136f770df36e8b54406c2e3536efd0cea43f68560acbf4871",
   "7e469cd44ca9b4a043c2dc4f201a59e1299a653ffc8600ab5ace9602ee7cf9bf",
   "7e5143f968cfd4f673928f41a4e65080785aedc56da943309f241ab0280b9049",
   "7ea69c6affc9c60b9ee49bc1124d94a2aada13dabb98a22d7ba8ce1f12afe43b",
   "7fbf6d086c03192f447a4f2bb4c9ce2c02525ea444d7926639d34cae1052547a",
   "805e5c1951db310cb8172d1ec6b7e06c9c4688a0c6365dc74255e2c93130b059",
   "806594daa26bd672509615eed2d20f8ac8b1556f038dde6e2e0df82106cffa51",
   "8099fb6f9465cb4d130c98b44b5ec5587b6fdb70a30bb49b41e163254d8478b8",
   "80a646433d35004a13505a3e48b17c04fef8fa21fd7c19019f2af9cad17b41c4",
   "81d5e29d06c48e960bbee8e836ea6ac4b5c4d31eb69e0efd764a051a3781d2fe",
   "824363d9a914a4b7293df22ae86fd846a9f738b87a4330940ee10a9efeb6912e",
   "826516aec4bffb6f09ece0d09c3209b475a2a75d57c7c1f4d498d1fef101aec9",
   "82f0774725efc60727ad8cf11736630a3b02824c938554e159ab8b2fadf1f371",
   "832aa5f468f52220e8b8e032e1782612d784748e3991b0f203947c733881a88a",
   "83bd400b22ef850e4ea2ef7385a759db0613018da46ddf441fb12d90aa0d240c",
   "844791adef7843e039b48e7d79e3acb92cee99aac2f1a68f11837b98ec780207",
   "85289672aa2ea71c1c2667517d5bd99ac09c16f9c4fb2f7ec4db9968d69d0251",
   "85e530633b3842022e85c693303e9d762506760672ef3ed8589fad3b3de24117",
   "86fda50db624b7043200242c3eac0f59c788666ca8c89b4c0bfe9aec643cc108",
   "87e3b7b6675cfeaba35d09a49680b0c2eaf599b51bb4c92e0c0851fc000476db",
   "8894bf589c4ca177c4cb586678065a6cb48b9ea09ea10485e6bf10db523093fb",
   "8ac6939ba0fc18d7f70f07d3948d0a269588032a9970c8155bd793af2b2edf55",
   "8b72dffe9d24d5a7e090162547fadafd01772121ad906839cc9c54b34b2e46a3",
   "8ba9234c8b268b4fd5447d522a0aab2e6e7ec941cf0c450d0137eb9d03a3fd2a",
   "8be1a3e2a63e06be9433ae9f1985dbb0e6a9001b194cdbb0d458acb7de646905",
   "8cb20d3c4f890f69bf98a81a68411b86999742b590f0bf185ceb2fbea566bb61",
   "8cb4b57906d08748072e86f3a2d744c35cc3faa2843f68f888c2b8c10666fd1d",
   "8f137e92b3e2f22bc70c7c7e95d2f69be8c92b2917383acc64649d14ff1f09c9",
   "8f3fdcd437946d2987754d470005fb35472e6f9012121eb47b2fbf457a164396",
   "8fa07fb8614cbf8ced1b6d50dccd21f2b91e55dde34199991655036253df4f88",
   "8fea094fc5118dc4289e23732a0dfbadde10049130a22337d96e9dedbc144be3",
   "900936a5bfae02ecfc3613659268b9043f2dd4b93c95f8ff7c18ce826c69a902",
   "903b2116bb3ba1ba3ce4160726092a53515a25a8bce1093a2d878590a57290d7",
   "904af8104bed5712049971d1a9ae866695701be625e797d7de8db6e48a0d3fb5",
   "90ddde460d108223ab3ebc4d2ccb819e9edcb3d8d34e36e2cda63110769864ee",
   "9117628db8cf6a16f0a313aab1cb4ff0242ff5551c57e26b2cfc864e1325f8d0",
   "915f2def773e0b0248055ddf84ae416141c75e17116974a8181721687b67e39f",
   "91660abfdc2dedd708eb14027037ec8bc3b90aeb96aa8f1e43736b3616266970",
   "91da45248c89c6e34f8e0bf35c556fceeee80a3a7a2101f77104cfcf7cf97d8e",
   "9294b096cbf61e731ac506788254ad9aeb19e22a3fff277a36477127e09570b4",
   "93379472dcbe93755584ca093c3d67dc2050b48553673ae96d296837d713a9a6",
   "9398e07fc266b320263a0b555c45801090ae56904d3767e00cbd71a3bfe18b06",
   "9462e9227de22d41d2eb69552d6c18c1f40420dfbfb7c46d747c41a4164cb754",
   "95694e70937fe1a1477bb5f396fdcb8022d4ca0cb6b7a4a3896231c3b04e1831",
   "9571f7e67936e505159a78559dc0c8bd824fc14e59ba32e220546b03051c6356",
   "9671b9c2dc23aa4c247b31fea69d958a0f3b8a1958dd881ea317a7798a3b505a",
   "97a83e89937d5ddb5e9173dc69722f8cfb72af5f07eb40aea09466ce3e4c7a3e",
   "98a557d26fbd9afb1d8fcb4bbd0a78f27354b76fe20662704dfbf3b71aa1c9ff",
   "99100c97887334b6c1e9902f05a5381adfaf2c513b1ebe721600acd606a8b850",
   "9980dc7080edfd02fc4561c80f7895517671851781b31572a2cde3540e041b1d",
   "99bee6d121ab6e4b1e694e5ac93e9b78d1608cf416c726bef24615fc1c34e65d",
   "9a32d8a639b366d414aa3b65d088b49e387833709cd84edf40b2b785ccdf4c09",
   "9a5e9c6d0c96753de9ce8c8cc32950aabc22aa4ce5826427e99f6b415a615131",
   "9ab2ee1b5526013b1802332f7356e45f4235d39ef92fdeaf2e608ba2c246ae12",
   "9bf266144d02e839449dade188152af53c2b8cdccb388dc8fe0b7304e4b09635",
   "9cc3694f3ac7270879977e83c8683119c989121e39d4190d858083870366b185",
   "9cdc0820b103088bcf934fea2c2e12b8f7f01b41f9d7c18bdd0b1cda6569d46d",
   "9d46e8bb76e31debb51b34a92e97d71c46e6fc495736c21aa5d2bbcbdd791b29",
   "9e1d2df8f8aa3cfbb45a2ca5a56a1c4fb8268d1cd8c766ebdac8de8b47bf1d4e",
   "9e4a43d3991688a2a462ad7ddc59cfc517dcdd20c1ebd9684b8de86fbf66999f",
   "9eac5b91fe5d2486109823a354c7a4c586c4a36eecf548340dde5c6cff50a7a2",
   "9efc850b5db5cada0e2738d7d7f5c6c47dc4eaaface0af86733859c007509729",
   "9fa784ca9ede2a6689149eaf197adca882618be9f3e0c1b03f296a83b073669a",
   "9faddd7eab006ed0fc18b9640654b9f73b5d759d3960d918e01f8574d679ba30",
   "a1495b13b519aeee65342585178e16b58f98ed1d44941f4b694424db35f22232",
   "a2bc703f0d97cad7da54340ab321823494415493798f065b4fe982720819ccef",
   "a379b9e3ed59c27e79b194b64c98c1557bc7b8eafe872442712ca53284fdca81",
   "a47fd72730f6b2278aefbb662d50e843eff7c2476021ad3f0c3163030c24f8c2",
   "a4c63317fc654bc67913c9c0b3bcf6d50b3cd1ace83f6b3e8f16616f4f30208d",
   "a598eea893ccabfc0032181673b858fca16deb8c8c6d9d17025a167c38c11d83",
   "a5a224b3de576bdb27395b5d644a66cc4b4c589db5fcc63824afc9f20e4845a0",
   "a5c0cac46ffee3303b22139de626b36c355634c98540b840a70c6224bf2a42ad",
   "a6200f269612c8dcbf9d1309363047157024cac3f7228e9bde603fad1c37b1e8",
   "a6a590cc7f4459a985975f5eecc9be3ea31b562bfbfc6aed26079ac6809055b2",
   "a761107c1ec3122f7ad196df1b47bdd05c786f5a0f9b3e6799ad4abf1b14fcb7",
   "a807696275bd29ae41742a69fa898b137621f793e38f16fd45d3fcc10ced2925",
   "a8de231673cad93689c6281b03cf40381a31499b95e75d59b3ac2a7006e8bf4c",
   "a905ce88ebd100f3716246c844c6223be45dda48b6b53cc63af5463868ebf0ef",
   "a945e59ae7f9cf309a85450fd713fcb4eb64570e38299498809dc22448b8ed6c",
   "a96597477c269f95682c099daa17dc988bda857d746bae7c75bd38406d615337",
   "a972147e6188088cd879d4a9601f0182bc51a1ce56420c3479363dffa4239750",
   "a992c1dd143388e5c856025f0717b1973bb7403de82399b12ddcf0076e36556f",
   "a9cf90057324dd6199c6087e554a63fdf648eed2b5d7c291bc96e4a69645fd01",
   "a9d1bcbf012e06f64305767cda11b3d3c5cf189e46e074988b91b02cd07ff93d",
   "aa128f195f974debdcb43f43a12d9514a621704ff94c1fd17f21c9f376b23151",
   "aa1f867981b2ebfc4067e1619ec1a2657610acada18bba98a4ccfb19b950a32c",
   "ab16f924b1617b4792ebcb574d30ea1f5dba81f35ebdf2f45b39dace01bab616",
   "ab2ec0c3b4805035420bde448c7d4babda24470bad1ff3633944bf7221763b98",
   "ab5d48e21c88b2e5479b256578278ea5f969c3b5b9ee85d2c366a260e9064d0e",
   "ab6067a6beee57f0669e8261dd41e32cc28165afb3566868ebd3daee1357c94d",
   "ab7e11fb0e1a8b40085791a87aa07bda0b1be7e46b50c275ab6ead05af7a628e",
   "ac0ecd941234c30f600e27574ddeaa0cae56b04786070936dc3d5e6d648dc60d",
   "ac4931244a7a49eb3cdb04f6accfebde86cd78e295c54078eb03d88d9090c58a",
   "ac636a083ba63bbcf1f86fdc0e895cc03a6f1eec8c2c24049900f7bc0d9f11b1",
   "ad3afa3b1e3325df9a03b9c3607b17387466b76e9b2d1c93a01fe17279402f47",
   "ad5707dc43167978d71042c97774b32f7ebfb0c6c5c61be92be814eddce43265",
   "adc7424e285c3319c6cdd831c76c36432139df5d67acecd11d0f858e322b29b7",
   "adf48390b211a809439454f1a1d6d902e0e12fd608d7f3a6742619d7db7fdbb5",
   "ae3f13286a27a1d501a78eb181dc1b4012a33bc297812c7e7f5b38a65b8fe917",
   "aea6cece468bb7c0003f09de912fc50cdad3fe1e9ddd7630c54512f3f29d8416",
   "af9c125a31dcd36517ff7c895d95d0801a0cf37ae1170e82fcf1a00f52d25b69",
   "afb0d6f3f87df0f331d4dbbbb7c8e96cfb9f80bc5302b5a1be0ee9f61a67fbd2",
   "afc49e1ee0bb0f022212f377deb1020ba4753b17779ad4a82c8b3371ddddb5db",
   "afcf897ce6a9b297ee2104cdb45c6a1e5bfe6cdaa6ea885b71cc0b06d47e612a",
   "afda11f68c0ad2b57e914d4c715546e3a7fbc73135aeffb046f4f28c8d4cfb3a",
   "afde2503712d3fcec5e2902e02d64530e1323746713bfdcee5f0fe6e9337db12",
   "b021d3d5d76b5c8164b91ffbf358c58d4f4d7c310a7e1d22d5346d31cf81d527",
   "b0e4f157076ded075ff94def8a2ce3ff37be395d50f738aeee55d3fd6882d760",
   "b11f2ea5172c6668e276ee3ebd5d3d718f2474610629839bea7a6289e975c28d",
   "b132180f96e0d5a5b8a18500a8592ac345358d85db7a2bd335be2c5847b99980",
   "b26a26a4bcfe721f9a959daccbc7f9fdb87c3219b897d063716b3d58b7cb4b3e",
   "b28d3090a80528ba56522cc54f71b7f0bec83c294c24d683248ec0b059d5511a",
   "b2c694de2424b53c4283a8051d7256977b6382dfc7843f7598e090802a8982df",
   "b32cdde08a910705be56f9eea25221a1d37577fa65e4a368bd53b35bee3a5bea",
   "b3dd021ed4640e1f14c5635a1e882514f4c7460ff375d7dd4458b092e0190fad",
   "b4d31482ba11da4cdfbb6a1a5ee7faaf535209338c125abe274f094dd037fd20",
   "b5ca2fe266f875d6b93e2e759d8af9087075233d103c5e9e2480f450c78344a9",
   "b61ad90c0e74e5c2589951f1b55e1d5025cd313dbb9ab7795fae62cd356d8fc8",
   "b66faeb8e1fca20a1a6c37da9f857966a7a09af2368d1a6672bcf2fd758d66b6",
   "b6ac6c37bfac8d916877af0cc53d1e816224c89ae3c4705b50c90ca271ef3adc",
   "b7122d1266450c6492aa235f9d2a3c9cda1d974612403c003321e5ba4f121065",
   "b787dd3fb7a6e1b4ca7e2c2fa157fb879fac3d6e1db9c7b57c0a9aa244046f82",
   "b8aa3f85e304cadad3b8f39ad5a4ca4ec9804d705af7d248256fb727b687c832",
   "b8bc47f6c9249084179870757b55b625f04a6d40c8c1de0b1e30e665dadf1d0b",
   "b8d530879c8c29b344863c33da77bb55a6e218b46f4c63a1304d099b733dc8f3",
   "b9311cb3d920bdd89670e252fb4d20fc2558120c78c651f4aeae5c58dc4b98af",
   "ba702fcbf53b87fa6132da4a6bbadda9c83874bd6e1ebfc5a2b5806e7e8f3c1e",
   "bb25652a99e891d6b415dcc6f5eab0d3f66ed12a101cebdf16a245b89c679777",
   "bd2fc3bb2a7d23dad265fcf4da9bc566053b4671559f8fbe25b520d5c3a18b8a",
   "bd70e259344cca0485798408df65423e16d0be85ea86202c4e6ebaca53a00ecb",
   "bdac16f22403ff6fb755dec8f2237baeec67554ba645eab0bcc1eff7b97f481d",
   "bdb3a959f30d6ac58d4d74a62b735a9842d705e41624b79ef664a17e3217e78d",
   "be770f8c3647701bb0d4f6c981073959dd4e7f6aafb9a1bf9f73556afd16c2eb",
   "bf01ebf59ed31d5f81691780e7eea7a472aabf106faa8c6cc0cc1bd47050081d",
   "c042669be91e0e68d40486f960ee1ef050569402a15c15dc3be8169e88040bea",
   "c0c4b5af9a8ae9dee30dc154aea416e00a887604ba95bb16c833f94e9e57e1fd",
   "c15726b593c43d566591710c6707b66cf15f3fcb6b416b43057523d30a1a14c2",
   "c2eb5bb84fbafb897da5caab4a50b1675e61e24aabcf717ca9df97cf99e28694",
   "c3464ec10f12fca11319d42ebc7c58ef1badd27df940140fc1bce67e02bfb6fc",
   "c3d7e4113ab8871b1eec733f1574279652a7d22577409c243add9cf29aa992ef",
   "c48a9bdd50e940483fa04a3c94a1b4d0f8b5ffbd65f806d6c5a9630a4e0ac94d",
   "c55f3acff054b5d42a6ac0d4105bcd846e927dd17da97951e146e677a14c8bfd",
   "c608a5dc9938f92a01dbfa4aa2d574fca808862cb1f0791e70693a1fb03392ca",
   "c68b2164ba8197676f1d1a0c1db99f509d12e701526655991734c938790e9465",
   "c6a8bba7ef20afa3377bc2726931fb032ab3db01886a74a5f17848297fda26b1",
   "c6e2bee1a64c8d423e89916f5b7c2a21ac1ff693cf6abb585b5793f62f2c1faa",
   "c6e4231e1b6fc4c4496ce3e9754e4113c21becbd566407d08c0fc22c2041709f",
   "c7058d9f03c0ca7661058a823b46b27088e5889da09d4cbd775cdc9072f726b0",
   "c7c5ec248e756bcb79cd0df8c9fac8a51de20bd37a196108fe5a0efe2ef7491e",
   "c958f6849dc4a9f52a4b81f2b761a1375580cb11ead7bd47b6d9aa75e762479a",
   "c97eeaec15919a493af676a14b4ef62e3ec7920b32533941350c4445ac8647ab",
   "ca7711c22a8686456fbda6044c64ab315859c1d05f11ec66d6b11d2de59f95b2",
   "cab3656b7e28a0155736b143cfb6f7daaa144adf967fcba4246b57b29c914abb",
   "caec168f630fde61f01437d5a2229967d55c5101ea528315370e09829304ef88",
   "caf7398c3e526bef7a7e78e52aeb2ed71fd7fd03b4cbba5d40b5428b697ff5d5",
   "cb43e55ef72d9d7db1d7b01a7c5a623310f0596aff02929f9727cec4015b3ca8",
   "cb8e3cc2cb99ef18089711f28884df6425a1b164a86ab52f6905585aefd8a42e",
   "cbc89a7cb672a1043fce1cca7877165f8ecacb0948337e237a1ec84f6b583692",
   "cbdeefc945c827cea3df4b15212ae75dea7047825a73ae25ddf8716c49a58fc2",
   "cc4b9e1cfe874fbb2ebce8386aea29356b3b637d47ea7041838f1f0fceb7fe9e",
   "cc52c2e3509e8d13d167d09fe670dbdab6ea7cbd57064c82b5e945b5d0fa4e5c",
   "ccdd7e49998a82f4eb67376effc3c965adbfea3313b4d403586cc35884f05c56",
   "cce3d9021d6118fc610b2494c8b5c5cce5c223569ac131664f737719f2ec8da0",
   "cd1a39480136eb624f6689cb9e804fe3f061049b14947e888c8635b2d1bfc50f",
   "cd6e4af6187322ef57ce92aaf7f3b555b0cb68d6156d6b6e3203c10c69ba486a",
   "cdb96cbb5b101a92d66f0a861112e7ed7f0d59a3f7fb35ac364cd398fedbae29",
   "ce39f6a549c465e7f1ebe8850a416c536acb092ffc87b9a5afb232bc4c695285",
   "ce7b6d082ad4b1ffa0888227abb3153557b0407c25772f1cc6850aa003b7c21f",
   "cf55cfaf114a5a1d34381383bea6e91efc0c280ceeba92405dc8fe46fe34e3d9",
   "cfc5e09fae8b45089e5cfae1a8bdf9d5a8b9160209ef750325be6d620c0ac52d",
   "d0a071bc8d46b33a85beef97917efcb68958abfdc42b9994554aa4b89bda3d6d",
   "d17744201ce6585ab5d18b17449dd3dccef1303be680a17e0ab9ab92bef29100",
   "d184bbb5dc420e0de8b3522d6b5a3246996c12fabd23134bcca9ed1ac2c1c6fd",
   "d3650855b6f3139a60395c1e21b30ba06c73a1ac3d19566abbf90e1d6e3eba18",
   "d38e5338f68bc95fed01330b40b662844cabf1a926dbb4525f20110295f71b90",
   "d396a340aa4bfc61b568204626a707220a2766fc3dc82c13c3cfb211b93670b0",
   "d416e0c1f1fc62a2317e70197eb40bce2010156b1508aaa9dde012de2f0ebfb9",
   "d50a141d5d5e28a298b1835fafe1a6c95113993c6687507d3185dbbe34ff6576",
   "d54279cf90d5b280203861b8c47df013cc9c64ccbab3b5555339fbf423a72125",
   "d5b0f39c3f43bd788a303eec6586a229b86301456bd63b4a8670d0800d686d20",
   "d5dded04b377b272dab74a97a79d34e3006cfc0845ad35887109cb0b5973d85c",
   "d5e3430a2d72d938541e745f99541334b33adda404c654221e8b391e2a1a152f",
   "d70cdb5dad2c04743c5d3cd5e1b64f8c074787ffedb03ea13058f6ccba46ef36",
   "d7dcbaabcd9c3b73795711c0a682ca5da55814cc7e76063c0c8b98113101d994",
   "da32cecf400ae840fabbc7f14b701ec1af0a9650c5e4bdfce7a567ec2d3c97cd",
   "da3def1d113caf6c669d8f113bec6526eed25facb878a44bfa89986e9e88e5b5",
   "db2cec3eb24e34a00f5ef518c02a946904406038368f2d86f3b10f2993c43e85",
   "db3c21a37e13ec6e1c9b553db858e850bdd6924adf4851f19ed22fefa8e2a1b7",
   "dce79b036265940489e671beb8b5fc21d31b4e7d8c4d6d2a8aec07ad8d1be3d2",
   "dd40c6942543c5fdfaeeff182311314846598bc9584925609494095f93e3efbc",
   "ddaa2318f09ce66f145f0a7f3219a033b453b44b37c0a952c41a35ae11d6a969",
   "ddf7ff6292c8a0f33aff6a17cccba8d321111e850ddf60ad8c2bc55589990ced",
   "de505645c1a8018f2bf742485a9ea45d607c566f76a4dd0992c867bf2e6c9777",
   "de73f9ff917d0ae34e20cbd02c3aff1fcfe646b53c45713ac39f1bcc3575f2d1",
   "deb3ae0f940a26b0890f3f89f7a646398d93c7ff635c3140d47093755f9bcec3",
   "e00c158a38a8d066423ea361cb82437caf5e716affd13a39579f98a2cf927055",
   "e0c95cc35b476b3ccfaa8111e4936fb06e159a03830269930d04876857578a4d",
   "e196d1bb7f61bc409956f06d35e4080be247a6e970893d763beefe359cfe4131",
   "e27120dc60a0cbbc7c367a2ced8d8ed75d9fc97d8d8df9f9ddc41cc12c8cd1ed",
   "e2941d21589a0060a8956ebfcf722a74894f0ef104d7b13a10970167d47178e8",
   "e2e5b779038261e972274f1a3dedecca9429b0b3e020683c9fb500ea481e54db",
   "e3cc5778e3bbee3c281680fd62deb3d52a5b2c98bd5e36d8092e0e2f640d6a74",
   "e494a333ea78dbbc3ef7037d771feb1009fb556a74111419a3926cdf1629047d",
   "e5e2321b1b235b93ce4dc224c923b63e5ece6988e9e9722aa8cfc962cf841508",
   "e7b262ee1e1a223578f5b87b0bee53480f75ae9cf41765d06f4ff5cd1c68d84d",
   "e9b9c4c02d1db2b6581f5e31532f0c1fce76558958f254ab45287dfe106fa02c",
   "ea2332e0215864869aaa372b263f38e77d72b987b330da715fdc3d7886bc36d2",
   "ea3bdb5e423df72e5b2e4946f2a8fcde7762c78dcbddc27fb4d34b8892f33ba7",
   "ea6e2b180d8c9a2e2e60e9701ad056e691a27ffdbbd0f58f7a1137385b83f843",
   "eae695ce8797aafd671fd852bd40863d4fb20e3c1e6178eb09060b3a37453c21",
   "eb3b7bac35fd60af42a40a795fabc4829824fb995919d7c43fc9d1a1c31ff0e6",
   "eba4520403afb3a21b51502875f8fa969947c673d5df9ab492a22132c6645d0d",
   "ec529c5521fef7278740384a6bf81b31ea508f4fd8fbd43228bcd5e3fbd14501",
   "ec9655af4f1be7ce09ee78a21b4f175953f4dfdf65acdbd37cd1e3d2c52b543f",
   "eca9892c9e8908b78d2cf833d02fc2d0540e44b85db2bdc12ce9be88c1e0b1d2",
   "ecd1783d15c639a0604b8b7d485f8cdab7d7e6a68daae069ee28446de0237474",
   "ece5d9d3cfee69963bd3fbc85a9b06f81e61a26ff9b2576a9939a0721060c8e0",
   "ecfb567eba2afd08983add137c94bd05a04cb6b515be99c3d5d28749cbf12a9d",
   "ed0860c8a87a0d393239e0d73720c2b110ba9c20d5fefe285d4da94419e6c52d",
   "ed3613a6aa3b235830624b44438bdd8daeffe3f9a4d688c1944e5c670d4c6cf3",
   "edba48daf308a15fc3812e0ae2762db038ffe1e0c649fad356a1e38043c357b3",
   "ede8120d092c36bcd69700893c5effda7374f6d9f304d3673583093c19afcd85",
   "eee20ba88e219f46a910cac11fd793925a9039572cc8cdfef8b56cfd7285c6fb",
   "ef1715a109d8a4d6148f0e616057fb4fc84336452a76fce05f73693e258c8558",
   "ef65faa0060ce384e7ad5449f63501aca49ae8da5a8a160d8aac118f9709aa82",
   "ef851a7067f3a70a325db03bfc44733f25382d991cf81c6b18538cf9fed3804c",
   "f00b4fed695a2bc560153cfc123c268f36ddfa044012997bdede8d2e4c445d42",
   "f01eb5fcba4747c1e7e808c7bc3332bf2c6f5e9f5bd508af5fa0976851fa8a46",
   "f0407df7dff971b9da8b71a5940a6bc74ee384a3b26cb7382f59725f1587d740",
   "f12b4710c5d927f714c28300cb76871e19ac35bcf5f040108b8d5cf0096e3c2d",
   "f2aa8ef83957bd4ab6dfabb754b435ae90c84e74feb7329153d56ddc06c8810e",
   "f2b62bd6ec9c88a3e767c3b234fba749ffe53cc95460d082879152c7f281ff42",
   "f43eb2e7758bb41b87c8992f2a58e56dcc99fbfb442a5937e7a2e443c0f9ed18",
   "f4e748e3065edee8f7843209029d580bffd1c01fcb73b57618142bfcc17a6acd",
   "f515d51a6e9969f7aa759e22de163562a4690c778cf3aef6fe178b795dd37fe0",
   "f57914161b33567d8332210b314fcce83f6164c06c72cf3645073bb0ee509b89",
   "f598611619c030bee490190eba460c9b312502ce6c5facb7dd5406f2891dba92",
   "f69886bc9528b6f5f804ba40043af2baee05e20fae834705e26f24c2deee8789",
   "f7ca174506a03c3ce3549da0bc8de8e8253eab8ed0b05a9aefe6b97ab49b16c0",
   "f7d35bc718292a13ed04dff88836cbdbb35b6da289e6ba5e383df5a5df5bd593",
   "f8c6e18121d846cbbacfada04bd302c134c28a69f4049af7c7fcd7c41b2e4246",
   "f997b40db151c76568244d95fd18af094f3651b6b671870fd31d9231d3972015",
   "f9fbc4f80e5938cf649572b9913c977d04ed134b7df18651c0d62d8406ec7f99",
   "fa5397a410ceb6326c7d4551e17593ba63e34ce820c77fe237711bf8cf8a75df",
   "fa55c05f2afb0361743460e854dc82316b83719a4308f95789b500e17fb8a0be",
   "fa8be5a6be6746796fef4e8f0beb325ef593cfcc0dc5db9d78e7dfaed88e1d82",
   "fbb7f67240c61e11d51e966cfd09815704e70cfb482c48b6ba2ca3906e15210f",
   "fc61fbd145fac2c17f8978a1ebe477078d13feae394e8a8a6b14242199bf943b",
   "fc8c4dea36ae0c79e5f9224c6a982571622ff71143f72ede6503cf5b5333fd6d",
   "fcf47919dab28f3952d89571eb842fefa97d162808c4eee9dbb08fc45a78a508",
   "fdb26d315a03b5e6397b16d691e1de848eda75b0166297d465d4ade3d05b7c2c",
   "fde299eed3c0e9577bad05884a14fde713a2ac72cf68da2f90e6f9b4464efbc9",
   "fe5744b4384c6f563092ef628977ffe60fd469db3494e03fba0a91f4abcb8874",
   "febd06f68f3dd0b184ac542caa24bde370d5a914e2ec041afcc5966691264d9b",
   "ff505339bce36feb5e76b6d34617fdbbc4c204223604fb7d5d8b6e7e21ed09c3",
   "ff8067dc639dc056fa159cf697276d399c193458e61e4a5af18b9c80510419c3",
   "fff6abc812fdea52fd5b9ea7b68785366eab90d7b3c305c3594b640481d27311"
 ]