{
   "FromPrevBlk": {
     "Grams": "3181982539916422185",
     "Other": {
       "239": "2333333332",
       "4294967279": "1555555554"
     }
   },
   "ToNextBlk": {
     "Grams": "3181982538060389953",
     "Other": {
       "239": "2333333332",
       "4294967279": "1555555554"
     }
   },
   "Imported": {
     "Grams": "0",
     "Other": {}
   },
   "Exported": {
     "Grams": "113747585",
     "Other": {}
   },
   "FeesCollected": {
     "Grams": "2742284647",
     "Other": {}
   },
   "Burned": null,
   "FeesImported": {
     "Grams": "0",
     "Other": {}
   },
   "Recovered": {
     "Grams": "0",
     "Other": {}
   },
   "Created": {
     "Grams": "1000000000",
     "Other": {}
   },
   "Minted": {
     "Grams": "0",
     "Other": {}
   }
 }